../Core/Src/main.c:90:6:set_time	32	static
../Core/Src/main.c:119:6:set_alarm	48	static
../Core/Src/main.c:139:6:get_time	48	static
../Core/Src/main.c:159:6:HAL_RTC_AlarmAEventCallback	16	static
../Core/Src/main.c:163:6:to_do_on_alarm	8	static
../Core/Src/main.c:177:9:day_function	8	static
../Core/Src/main.c:217:6:home_screen	16	static
../Core/Src/main.c:279:6:up_button	32	static
../Core/Src/main.c:326:6:settings	8	static
../Core/Src/main.c:357:5:main	8	static
../Core/Src/main.c:428:6:SystemClock_Config	128	static
../Core/Src/main.c:482:13:MX_ADC_Init	16	static
../Core/Src/main.c:546:13:MX_I2C1_Init	8	static
../Core/Src/main.c:594:13:MX_RTC_Init	72	static
../Core/Src/main.c:677:13:MX_GPIO_Init	56	static
../Core/Src/main.c:729:6:Error_Handler	8	static,ignoring_inline_asm
